
> job-hunter-bot@3.1.0 test
> node --experimental-vm-modules node_modules/.bin/jest --testEnvironment=node tests/e2e.v4-relevance.test.js


<--- Last few GCs --->

[27082:0x7cd400000]     9863 ms: Scavenge 1927.9 (1971.6) -> 1923.1 (1977.1) MB, 13.08 / 0.00 ms  (average mu = 0.323, current mu = 0.274) allocation failure; 
[27082:0x7cd400000]     9875 ms: Scavenge 1933.4 (1977.1) -> 1928.3 (1982.1) MB, 9.25 / 0.00 ms  (average mu = 0.323, current mu = 0.274) allocation failure; 
[27082:0x7cd400000]    13081 ms: Mark-Compact 2512.0 (2555.9) -> 2123.9 (2183.4) MB, 2586.75 / 0.00 ms  (average mu = 0.260, current mu = 0.222) allocation failure; scavenge might not succeed


<--- JS stacktrace --->

FATAL ERROR: Reached heap limit Allocation failed - JavaScript heap out of memory
----- Native stack trace -----

 1: 0x1006a9334 node::OOMErrorHandler(char const*, v8::OOMDetails const&) [/Users/arpitpatidar/.nvm/versions/node/v20.19.0/bin/node]
 2: 0x100865e84 v8::internal::V8::FatalProcessOutOfMemory(v8::internal::Isolate*, char const*, v8::OOMDetails const&) [/Users/arpitpatidar/.nvm/versions/node/v20.19.0/bin/node]
 3: 0x100a73cd8 v8::internal::Heap::GarbageCollectionReasonToString(v8::internal::GarbageCollectionReason) [/Users/arpitpatidar/.nvm/versions/node/v20.19.0/bin/node]
 4: 0x100a72640 v8::internal::Heap::CollectGarbage(v8::internal::AllocationSpace, v8::internal::GarbageCollectionReason, v8::GCCallbackFlags) [/Users/arpitpatidar/.nvm/versions/node/v20.19.0/bin/node]
 5: 0x100a684dc v8::internal::HeapAllocator::AllocateRawWithLightRetrySlowPath(int, v8::internal::AllocationType, v8::internal::AllocationOrigin, v8::internal::AllocationAlignment) [/Users/arpitpatidar/.nvm/versions/node/v20.19.0/bin/node]
 6: 0x100a68d34 v8::internal::HeapAllocator::AllocateRawWithRetryOrFailSlowPath(int, v8::internal::AllocationType, v8::internal::AllocationOrigin, v8::internal::AllocationAlignment) [/Users/arpitpatidar/.nvm/versions/node/v20.19.0/bin/node]
 7: 0x100a4d214 v8::internal::Factory::NewFillerObject(int, v8::internal::AllocationAlignment, v8::internal::AllocationType, v8::internal::AllocationOrigin) [/Users/arpitpatidar/.nvm/versions/node/v20.19.0/bin/node]
 8: 0x100e5a34c v8::internal::Runtime_AllocateInYoungGeneration(int, unsigned long*, v8::internal::Isolate*) [/Users/arpitpatidar/.nvm/versions/node/v20.19.0/bin/node]
 9: 0x1011ecc44 Builtins_CEntry_Return1_ArgvOnStack_NoBuiltinExit [/Users/arpitpatidar/.nvm/versions/node/v20.19.0/bin/node]
10: 0x101269854 Builtins_StringPrototypeTrim [/Users/arpitpatidar/.nvm/versions/node/v20.19.0/bin/node]
11: 0x10a5cda98 
12: 0x1011643e4 Builtins_InterpreterEntryTrampoline [/Users/arpitpatidar/.nvm/versions/node/v20.19.0/bin/node]
13: 0x1011643e4 Builtins_InterpreterEntryTrampoline [/Users/arpitpatidar/.nvm/versions/node/v20.19.0/bin/node]
14: 0x101247524 Builtins_PromiseConstructor [/Users/arpitpatidar/.nvm/versions/node/v20.19.0/bin/node]
15: 0x1011618fc Builtins_JSBuiltinsConstructStub [/Users/arpitpatidar/.nvm/versions/node/v20.19.0/bin/node]
16: 0x10a511240 
17: 0x1011643e4 Builtins_InterpreterEntryTrampoline [/Users/arpitpatidar/.nvm/versions/node/v20.19.0/bin/node]
18: 0x10119b210 Builtins_AsyncFunctionAwaitResolveClosure [/Users/arpitpatidar/.nvm/versions/node/v20.19.0/bin/node]
19: 0x101248fb8 Builtins_PromiseFulfillReactionJob [/Users/arpitpatidar/.nvm/versions/node/v20.19.0/bin/node]
20: 0x10118ab94 Builtins_RunMicrotasks [/Users/arpitpatidar/.nvm/versions/node/v20.19.0/bin/node]
21: 0x1011623f4 Builtins_JSRunMicrotasksEntry [/Users/arpitpatidar/.nvm/versions/node/v20.19.0/bin/node]
22: 0x1009de748 v8::internal::(anonymous namespace)::Invoke(v8::internal::Isolate*, v8::internal::(anonymous namespace)::InvokeParams const&) [/Users/arpitpatidar/.nvm/versions/node/v20.19.0/bin/node]
23: 0x1009df074 v8::internal::(anonymous namespace)::InvokeWithTryCatch(v8::internal::Isolate*, v8::internal::(anonymous namespace)::InvokeParams const&) [/Users/arpitpatidar/.nvm/versions/node/v20.19.0/bin/node]
24: 0x1009df260 v8::internal::Execution::TryRunMicrotasks(v8::internal::Isolate*, v8::internal::MicrotaskQueue*) [/Users/arpitpatidar/.nvm/versions/node/v20.19.0/bin/node]
25: 0x100a09f50 v8::internal::MicrotaskQueue::RunMicrotasks(v8::internal::Isolate*) [/Users/arpitpatidar/.nvm/versions/node/v20.19.0/bin/node]
26: 0x100a0a6dc v8::internal::MicrotaskQueue::PerformCheckpoint(v8::Isolate*) [/Users/arpitpatidar/.nvm/versions/node/v20.19.0/bin/node]
27: 0x1005c0c84 node::InternalCallbackScope::Close() [/Users/arpitpatidar/.nvm/versions/node/v20.19.0/bin/node]
28: 0x1005c0fb4 node::InternalMakeCallback(node::Environment*, v8::Local<v8::Object>, v8::Local<v8::Object>, v8::Local<v8::Function>, int, v8::Local<v8::Value>*, node::async_context) [/Users/arpitpatidar/.nvm/versions/node/v20.19.0/bin/node]
29: 0x1005d52f0 node::AsyncWrap::MakeCallback(v8::Local<v8::Function>, int, v8::Local<v8::Value>*) [/Users/arpitpatidar/.nvm/versions/node/v20.19.0/bin/node]
30: 0x1006aed40 node::fs::FSReqCallback::Resolve(v8::Local<v8::Value>) [/Users/arpitpatidar/.nvm/versions/node/v20.19.0/bin/node]
31: 0x1006af620 node::fs::AfterStat(uv_fs_s*) [/Users/arpitpatidar/.nvm/versions/node/v20.19.0/bin/node]
32: 0x1006a21c8 node::MakeLibuvRequestCallback<uv_fs_s, void (*)(uv_fs_s*)>::Wrapper(uv_fs_s*) [/Users/arpitpatidar/.nvm/versions/node/v20.19.0/bin/node]
33: 0x10113fe34 uv__work_done [/Users/arpitpatidar/.nvm/versions/node/v20.19.0/bin/node]
34: 0x10114385c uv__async_io [/Users/arpitpatidar/.nvm/versions/node/v20.19.0/bin/node]
35: 0x101156504 uv__io_poll [/Users/arpitpatidar/.nvm/versions/node/v20.19.0/bin/node]
36: 0x101143dc4 uv_run [/Users/arpitpatidar/.nvm/versions/node/v20.19.0/bin/node]
37: 0x1005c17e8 node::SpinEventLoopInternal(node::Environment*) [/Users/arpitpatidar/.nvm/versions/node/v20.19.0/bin/node]
38: 0x1006ec48c node::NodeMainInstance::Run() [/Users/arpitpatidar/.nvm/versions/node/v20.19.0/bin/node]
39: 0x10066ba78 node::Start(int, char**) [/Users/arpitpatidar/.nvm/versions/node/v20.19.0/bin/node]
40: 0x189f8dd54 start [/usr/lib/dyld]
